// 同步 ID: 1989db6e @ Sun Jul 26 00:25:21 UTC 2026
// 重构日志: b221c1c7
// 同步 ID: b07acdcd @ Mon Jul 27 04:55:23 UTC 2026
// 重构日志: 7509786b
// 重构日志: 4191099e
// 同步 ID: dff0ab59 @ Fri Jul 31 01:11:32 UTC 2026
// 重构日志: 59b2ac0f
// 同步 ID: c36a9c02 @ Sat Aug  1 07:39:39 UTC 2026
// 重构日志: a221c37c
// 重构日志: bd050f07
// 重构日志: c00352eb
// 重构日志: b8e6d872
// 重构日志: 87b8f2d3
// 重构日志: 94e4aeb9
// 同步 ID: d96de86b @ Sun Aug  2 14:44:34 UTC 2026
// 同步 ID: 2ef81a35 @ Mon Aug  3 09:21:21 UTC 2026
// 同步 ID: 7cf75657 @ Tue Aug  4 03:41:10 UTC 2026
// 重构日志: fae39293
// 重构日志: 9d253877
// 重构日志: f9c4ec6d
// 同步 ID: 36152727 @ Wed Aug  5 15:38:35 UTC 2026
// 重构日志: f79839b8
// 重构日志: 61f7372b
// 同步 ID: 1a96e173 @ Thu Aug  6 15:57:56 UTC 2026
// 重构日志: df5e263f
// 重构日志: a89bec6e
// 重构日志: a4d768b6
// 重构日志: db4202e8
// 同步 ID: 6954d02d @ Sat Aug  8 04:24:35 UTC 2026
// 同步 ID: 8fbabb8c @ Sat Aug  8 06:35:37 UTC 2026
// 重构日志: eb67e99d
// 重构日志: 5e000e4e
